  [coverlet] _mapping file name: 'CoverletSourceRootsMapping_Sqworgram.UnitTests'
╨в╨╡╤Б╤В╨╛╨▓╤Л╨╣ ╨╖╨░╨┐╤Г╤Б╨║ ╨┤╨╗╤П C:\Users\lonsvi\Downloads\Sqworgram-master\Sqworgram-master\Sqworgram.UnitTests\bin\Debug\net6.0\Sqworgram.UnitTests.dll (.NETCoreApp,Version=v6.0)
╨Т╨╡╤А╤Б╨╕╤П VSTest 18.0.1 (x64)

╨Ч╨░╨┐╤Г╤Б╨║ ╨▓╤Л╨┐╨╛╨╗╨╜╨╡╨╜╨╕╤П ╤В╨╡╤Б╤В╨╛╨▓; ╨┐╨╛╨┤╨╛╨╢╨┤╨╕╤В╨╡...
╨Ю╨▒╤Й╨╡╨╡ ╨║╨╛╨╗╨╕╤З╨╡╤Б╤В╨▓╨╛ ╤В╨╡╤Б╤В╨╛╨▓╤Л╤Е ╤Д╨░╨╣╨╗╨╛╨▓ (1), ╤Б╨╛╨╛╤В╨▓╨╡╤В╤Б╤В╨▓╤Г╤О╤Й╨╕╤Е ╤Г╨║╨░╨╖╨░╨╜╨╜╨╛╨╝╤Г ╤И╨░╨▒╨╗╨╛╨╜╤Г.
dotnet : [xUnit.net 00:00:00.50]     Sqworgram.UnitTests.ProxyTests.DatabaseHelperRe
alTests.RegisterUser_WithShortPassword_Fails [FAIL]
строка:1 знак:68
+ ... m-master" ; dotnet test Sqworgram.UnitTests --no-build -c Debug 2>&1  ...
+                 ~~~~~~~~~~~~~~~~~~~~~~~~~~~~~~~~~~~~~~~~~~~~~~~~~~~~~~~~~
    + CategoryInfo          : NotSpecified: ([xUnit.net 00:0...rd_Fails [FAIL]:Stri 
   ng) [], RemoteException
    + FullyQualifiedErrorId : NativeCommandError
 
  ╨Э╨╡ ╨┐╤А╨╛╨╣╨┤╨╡╨╜ Sqworgram.UnitTests.ProxyTests.DatabaseHelperRealTests.RegisterUser_WithShortPassword_Fails [3 ms]
  ╨б╨╛╨╛╨▒╤Й╨╡╨╜╨╕╨╡ ╨╛╨▒ ╨╛╤И╨╕╨▒╨║╨╡:
   Password shorter than 6 chars should fail
  ╨в╤А╨░╤Б╤Б╨╕╤А╨╛╨▓╨║╨░ ╤Б╤В╨╡╨║╨░:
     at Sqworgram.UnitTests.ProxyTests.DatabaseHelperRealTests.RegisterUser_WithShortPassword_Fails() in C:\Users\lonsvi\Downloads\Sqworgram-master\Sqworgram-master\Sqworgram.UnitTests\ProxyClassRealTests.cs:line 69

╨Э╨╡ ╨┐╤А╨╛╨╣╨┤╨╡╨╜!: ╨╜╨╡ ╨┐╤А╨╛╨╣╨┤╨╡╨╜╨╛     1, ╨┐╤А╨╛╨╣╨┤╨╡╨╜╨╛   149, ╨┐╤А╨╛╨┐╤Г╤Й╨╡╨╜╨╛     0, ╨▓╤Б╨╡╨│╨╛   150, ╨┤╨╗╨╕╤В╨╡╨╗╤М╨╜╨╛╤Б╤В╤М 97 ms. - Sqworgram.UnitTests.dll (net6.0)
